// Jest Snapshot v1, https://jestjs.io/docs/snapshot-testing

exports[`expo test-toolchain triad — pipeline given: [case1] a fresh expo repo on the app-react-native-expo usecase when: [t0] declapract fix emits the toolchain then: the emitted package.json + tsconfig + jest.unit match snapshot: jest.unit.config.ts — after fix 1`] = `
"/**
 * @jest-config-loader esbuild-register
 */
import type { Config } from 'jest';

// ensure tests run in utc, like they will on cicd and on server; https://stackoverflow.com/a/56277249/15593329
process.env.TZ = 'UTC';

// ensure tests run like on local machines, so snapshots are equal on local && cicd
process.env.FORCE_COLOR = 'true';

// https://jestjs.io/docs/configuration
const config: Config = {
  // jest-expo wires up babel-preset-expo (metro's transform) + react-native module
  // resolution (platform suffixes, haste). this is what lets tests that reach the
  // expo/react-native boundary load, where a plain node preset cannot.
  preset: 'jest-expo',

  verbose: true,
  reporters: [
    ['default', { summaryThreshold: 0 }], // ensure we always get a failure summary at the bottom, to avoid the hunt
    ['test-fns/slowtest.reporter.jest', { slow: '10s', output: '.log/slowtest/unit.report.json' }],
  ],
  moduleNameMapper: {
    '^@/(.*)$': '<rootDir>/$1',
    '^@src/(.*)$': '<rootDir>/src/$1',
    '^@assets/(.*)$': '<rootDir>/assets/$1',
  },
  // the jest-expo preset's transformIgnorePatterns assume a hoisted (flat) node_modules.
  // pnpm's \`.pnpm/\`-nested store ships react-native/expo as untranspiled ESM one layer
  // deeper, so add a \`.pnpm/\` branch that still transforms those families. a repo that
  // pulls other untranspiled-ESM packages (e.g. a native storage lib) appends its own
  // package names to BOTH branches.
  transformIgnorePatterns: [
    'node_modules/.pnpm/(?!.*(react-native|@react-native|expo|@expo|@unimodules|unimodules|@react-navigation|react-navigation|sentry-expo|native-base|@sentry))',
    'node_modules/(?!.pnpm)(?!(jest-)?react-native|@react-native(-community)?|expo(nent)?|@expo(nent)?|react-navigation|@react-navigation|@unimodules|unimodules|sentry-expo|native-base|@sentry)',
  ],
  testMatch: [
    // note: order matters
    '**/*.test.{ts,tsx}',
    '!**/*.acceptance.test.{ts,tsx}',
    '!**/*.integration.test.{ts,tsx}',
    '!**/.agent/.cache/**',
    '!**/.yalc/**',
  ],
  setupFilesAfterEnv: ['./jest.unit.env.ts'],

  // use 50% of threads to leave headroom for other processes
  maxWorkers: '50%', // https://stackoverflow.com/questions/71287710/why-does-jest-run-faster-with-maxworkers-50
};

// eslint-disable-next-line import/no-default-export
export default config;
"
`;

exports[`expo test-toolchain triad — pipeline given: [case1] a fresh expo repo on the app-react-native-expo usecase when: [t0] declapract fix emits the toolchain then: the emitted package.json + tsconfig + jest.unit match snapshot: package.json — after fix 1`] = `
"{
  "name": "test-expo-app",
  "version": "1.0.0",
  "devDependencies": {
    "@jest/globals": "30.2.0",
    "@types/jest": "30.0.0",
    "jest": "30.2.0",
    "esbuild-register": "3.6.0",
    "test-fns": "1.15.8",
    "tsx": "4.20.6",
    "jest-expo": "54.0.0",
    "@babel/core": "7.24.0",
    "babel-preset-expo": "12.0.0",
    "react-test-renderer": "19.0.0",
    "isomorphic-fetch": "3.0.0",
    "typescript": "5.4.5"
  },
  "scripts": {
    "test:unit": "set -eu && jest -c ./jest.unit.config.ts --forceExit --verbose --passWithNoTests $([ -n \\"\${CI:-}\\" ] && echo '--ci') $([ \\"\${THOROUGH:-}\\" != \\"true\\" ] && echo '--changedSince=main') $([ \\"\${RESNAP:-}\\" = \\"true\\" ] && echo '--updateSnapshot')",
    "test:integration": "set -eu && jest -c ./jest.integration.config.ts --forceExit --verbose --passWithNoTests $([ -n \\"\${CI:-}\\" ] && echo '--ci') $([ \\"\${THOROUGH:-}\\" != \\"true\\" ] && echo '--changedSince=main') $([ \\"\${RESNAP:-}\\" = \\"true\\" ] && echo '--updateSnapshot')",
    "test:acceptance:locally": "set -eu && npm run build && LOCALLY=true jest -c ./jest.acceptance.config.ts --forceExit --verbose --runInBand --passWithNoTests $([ \\"\${RESNAP:-}\\" = \\"true\\" ] && echo '--updateSnapshot')",
    "test": "set -eu && npm run test:commits && npm run test:types && npm run test:format && npm run test:lint && npm run test:unit && npm run test:integration && npm run test:acceptance:locally",
    "test:acceptance": "set -eu && npm run build && jest -c ./jest.acceptance.config.ts --forceExit --verbose --runInBand --passWithNoTests $([ -n \\"\${CI:-}\\" ] && echo '--ci') $([ \\"\${RESNAP:-}\\" = \\"true\\" ] && echo '--updateSnapshot')",
    "test:types": "tsc -p ./tsconfig.json --noEmit",
    "build": "npm run build:web",
    "build:web": "npx expo export --platform web"
  }
}
"
`;

exports[`expo test-toolchain triad — pipeline given: [case1] a fresh expo repo on the app-react-native-expo usecase when: [t0] declapract fix emits the toolchain then: the emitted package.json + tsconfig + jest.unit match snapshot: tsconfig.json — after fix 1`] = `
"{
  "extends": "expo/tsconfig.base",
  "compilerOptions": {
    "baseUrl": ".",
    "paths": {
      "@src/*": [
        "src/*"
      ],
      "@assets/*": [
        "assets/*"
      ]
    }
  },
  "include": [
    "**/*.ts",
    "**/*.tsx"
  ]
}
"
`;
