// Jest Snapshot v1, https://jestjs.io/docs/snapshot-testing

exports[`typescript-expo tsconfig.json the emitted tsconfig template matches snapshot: typescript-expo tsconfig.json 1`] = `
"{
  "extends": "expo/tsconfig.base",
  "compilerOptions": {
    "baseUrl": ".",
    "paths": {
      "@src/*": ["src/*"],
      "@assets/*": ["assets/*"]
    }
  },
  "include": [
    "**/*.ts",
    "**/*.tsx"
  ]
}
"
`;
