// Jest Snapshot v1, https://jestjs.io/docs/snapshot-testing

exports[`conventional-commits commitlint body-max-line-length given: the shipped commitlint.config.js when: the body-max-line-length rule is read then: the emitted rule line matches snapshot: commitlint body-max-line-length rule line 1`] = `"'body-max-line-length': [1, 'always', 140],"`;
