// Jest Snapshot v1, https://jestjs.io/docs/snapshot-testing

exports[`old-dev-config-location should migrate the access key and PRESERVE every host verbatim — mid-dotted, terminal, foreign, and url \`.dev\` all left exactly as found (guard #3: never guess a host) 1`] = `
"{
  "organization": "ahbode",
  "project": "svc-example",
  "environment": {
    "access": "prep"
  },
  "database": {
    "host": "bastion.dev.example.com",
    "tunnel": "aws.ssmproxy.mydb.dev"
  },
  "upstream": {
    "paypal": "api.dev.paypal.com"
  },
  "auth": {
    "callbackUrl": "https://auth.myapp.dev"
  }
}"
`;

exports[`old-dev-config-location should update access: dev to access: prep 1`] = `
"{
  "organization": "ahbode",
  "project": "svc-example",
  "environment": {
    "access": "prep"
  },
  "aws": {
    "account": "123456789",
    "namespace": "test"
  }
}"
`;
