// Jest Snapshot v1, https://jestjs.io/docs/snapshot-testing

exports[`probeTestDb given: [case1] psql fails with a real cause on stderr (a bad password) when: [t0] the preflight runs against the failed psql then: the user-faced message matches snapshot: testdb-probe failure with stderr 1`] = `
"✋ ConstraintError: cant connect to the testdb at localhost:7821

psql said:
  psql: error: connection to server failed:
FATAL:  password authentication failed for user "svc_gateway_user"

fix: psql reached the server, so the container is UP -- the fault is likely auth or schema:
  - check the crud user + password in config/test.json match what the testdb was seeded with
  - check this service's schema was applied to the testdb
  - only if the container is in fact down, run \`npm run start:testdb\`"
`;
