// Jest Snapshot v1, https://jestjs.io/docs/snapshot-testing

exports[`reusable workflows reconcile caller against callee (#573 · #580) given: every workflow template under src/practices when: the walk resolves then: the resolved caller/callee contract matches snapshot: workflow caller/callee reconciliation contract 1`] = `
{
  "callees": [
    {
      "base": ".declastruct.yml",
      "inputs": [
        "access",
        "allow-apply",
        "creds-aws-region",
        "creds-aws-role-arn-apply",
        "creds-aws-role-arn-plan",
        "creds-github-app-id",
        "creds-github-app-owner",
        "github-environment-apply",
        "github-environment-plan",
        "scope",
        "wish-path",
      ],
      "inputsRequired": [
        "access",
        "scope",
        "wish-path",
      ],
      "secrets": [
        "creds-github-app-private-key",
      ],
      "secretsRequired": [],
    },
    {
      "base": ".deploy-expo.yml",
      "inputs": [
        "access",
        "app-web-deployment-s3-bucket",
        "build",
        "creds-aws-region",
        "creds-aws-role-arn",
        "github-environment",
      ],
      "inputsRequired": [
        "access",
        "build",
        "creds-aws-region",
        "creds-aws-role-arn",
        "github-environment",
      ],
      "secrets": [
        "expo-token",
      ],
      "secretsRequired": [
        "expo-token",
      ],
    },
    {
      "base": ".deploy-sls.yml",
      "inputs": [
        "access",
        "creds-aws-region",
        "creds-aws-role-arn-apply",
        "github-environment-apply",
        "needs-vpn-for-acceptance",
      ],
      "inputsRequired": [
        "access",
        "creds-aws-region",
        "creds-aws-role-arn-apply",
      ],
      "secrets": [
        "pagerduty-integration-key",
      ],
      "secretsRequired": [],
    },
    {
      "base": ".install.yml",
      "inputs": [],
      "inputsRequired": [],
      "secrets": [],
      "secretsRequired": [],
    },
    {
      "base": ".publish-npm.yml",
      "inputs": [],
      "inputsRequired": [],
      "secrets": [],
      "secretsRequired": [],
    },
    {
      "base": ".sql-schema-control.yml",
      "inputs": [
        "access",
        "allow-apply",
        "creds-aws-region",
        "creds-aws-role-arn-apply",
        "creds-aws-role-arn-plan",
        "github-environment-apply",
        "github-environment-plan",
      ],
      "inputsRequired": [
        "access",
        "creds-aws-region",
        "creds-aws-role-arn-apply",
        "creds-aws-role-arn-plan",
      ],
      "secrets": [],
      "secretsRequired": [],
    },
    {
      "base": ".terraform.yml",
      "inputs": [
        "allow-apply",
        "creds-aws-region",
        "creds-aws-role-arn-apply",
        "creds-aws-role-arn-plan",
        "github-environment-apply",
        "github-environment-plan",
        "working-directory",
      ],
      "inputsRequired": [
        "creds-aws-region",
        "creds-aws-role-arn-apply",
        "creds-aws-role-arn-plan",
      ],
      "secrets": [],
      "secretsRequired": [],
    },
    {
      "base": ".test.yml",
      "inputs": [
        "creds-aws-region",
        "creds-aws-role-arn",
      ],
      "inputsRequired": [],
      "secrets": [],
      "secretsRequired": [],
    },
    {
      "base": "test.yml",
      "inputs": [],
      "inputsRequired": [],
      "secrets": [],
      "secretsRequired": [],
    },
    {
      "base": "test.yml",
      "inputs": [],
      "inputsRequired": [],
      "secrets": [],
      "secretsRequired": [],
    },
  ],
  "callers": [
    {
      "base": ".declastruct.yml",
      "job": "aws-prep-declastruct",
      "secretKeys": [],
      "secretsInherit": false,
      "withKeys": [
        "access",
        "creds-aws-region",
        "creds-aws-role-arn-apply",
        "creds-aws-role-arn-plan",
        "github-environment-apply",
        "github-environment-plan",
        "scope",
        "wish-path",
      ],
    },
    {
      "base": ".declastruct.yml",
      "job": "aws-prod-declastruct",
      "secretKeys": [],
      "secretsInherit": false,
      "withKeys": [
        "access",
        "allow-apply",
        "creds-aws-region",
        "creds-aws-role-arn-apply",
        "creds-aws-role-arn-plan",
        "github-environment-apply",
        "github-environment-plan",
        "scope",
        "wish-path",
      ],
    },
    {
      "base": ".declastruct.yml",
      "job": "github",
      "secretKeys": [
        "creds-github-app-private-key",
      ],
      "secretsInherit": false,
      "withKeys": [
        "access",
        "creds-github-app-id",
        "creds-github-app-owner",
        "github-environment-apply",
        "github-environment-plan",
        "scope",
        "wish-path",
      ],
    },
    {
      "base": ".declastruct.yml",
      "job": "github",
      "secretKeys": [
        "creds-github-app-private-key",
      ],
      "secretsInherit": false,
      "withKeys": [
        "access",
        "creds-github-app-id",
        "creds-github-app-owner",
        "github-environment-apply",
        "github-environment-plan",
        "scope",
        "wish-path",
      ],
    },
    {
      "base": ".deploy-expo.yml",
      "job": "prep",
      "secretKeys": [
        "expo-token",
      ],
      "secretsInherit": false,
      "withKeys": [
        "access",
        "build",
        "creds-aws-region",
        "creds-aws-role-arn",
        "github-environment",
      ],
    },
    {
      "base": ".deploy-expo.yml",
      "job": "prod",
      "secretKeys": [
        "expo-token",
      ],
      "secretsInherit": false,
      "withKeys": [
        "access",
        "app-web-deployment-s3-bucket",
        "build",
        "creds-aws-region",
        "creds-aws-role-arn",
        "github-environment",
      ],
    },
    {
      "base": ".deploy-sls.yml",
      "job": "prep",
      "secretKeys": [],
      "secretsInherit": false,
      "withKeys": [
        "access",
        "creds-aws-region",
        "creds-aws-role-arn-apply",
        "github-environment-apply",
      ],
    },
    {
      "base": ".deploy-sls.yml",
      "job": "prod",
      "secretKeys": [
        "pagerduty-integration-key",
      ],
      "secretsInherit": false,
      "withKeys": [
        "access",
        "creds-aws-region",
        "creds-aws-role-arn-apply",
        "github-environment-apply",
      ],
    },
    {
      "base": ".install.yml",
      "job": "install",
      "secretKeys": [],
      "secretsInherit": false,
      "withKeys": [],
    },
    {
      "base": ".install.yml",
      "job": "install",
      "secretKeys": [],
      "secretsInherit": false,
      "withKeys": [],
    },
    {
      "base": ".install.yml",
      "job": "install",
      "secretKeys": [],
      "secretsInherit": false,
      "withKeys": [],
    },
    {
      "base": ".install.yml",
      "job": "install",
      "secretKeys": [],
      "secretsInherit": false,
      "withKeys": [],
    },
    {
      "base": ".install.yml",
      "job": "install",
      "secretKeys": [],
      "secretsInherit": false,
      "withKeys": [],
    },
    {
      "base": ".install.yml",
      "job": "install",
      "secretKeys": [],
      "secretsInherit": false,
      "withKeys": [],
    },
    {
      "base": ".publish-npm.yml",
      "job": "publish",
      "secretKeys": [],
      "secretsInherit": false,
      "withKeys": [],
    },
    {
      "base": ".sql-schema-control.yml",
      "job": "sql-schema-prep",
      "secretKeys": [],
      "secretsInherit": false,
      "withKeys": [
        "access",
        "creds-aws-region",
        "creds-aws-role-arn-apply",
        "creds-aws-role-arn-plan",
        "github-environment-apply",
        "github-environment-plan",
      ],
    },
    {
      "base": ".sql-schema-control.yml",
      "job": "sql-schema-prod",
      "secretKeys": [],
      "secretsInherit": false,
      "withKeys": [
        "access",
        "allow-apply",
        "creds-aws-region",
        "creds-aws-role-arn-apply",
        "creds-aws-role-arn-plan",
        "github-environment-apply",
        "github-environment-plan",
      ],
    },
    {
      "base": ".terraform.yml",
      "job": "aws-prep-terraform",
      "secretKeys": [],
      "secretsInherit": false,
      "withKeys": [
        "creds-aws-region",
        "creds-aws-role-arn-apply",
        "creds-aws-role-arn-plan",
        "github-environment-apply",
        "github-environment-plan",
        "working-directory",
      ],
    },
    {
      "base": ".terraform.yml",
      "job": "aws-prod-terraform",
      "secretKeys": [],
      "secretsInherit": false,
      "withKeys": [
        "allow-apply",
        "creds-aws-region",
        "creds-aws-role-arn-apply",
        "creds-aws-role-arn-plan",
        "github-environment-apply",
        "github-environment-plan",
        "working-directory",
      ],
    },
    {
      "base": ".terraform.yml",
      "job": "aws-test-terraform",
      "secretKeys": [],
      "secretsInherit": false,
      "withKeys": [
        "creds-aws-region",
        "creds-aws-role-arn-apply",
        "creds-aws-role-arn-plan",
        "github-environment-apply",
        "github-environment-plan",
        "working-directory",
      ],
    },
    {
      "base": ".test.yml",
      "job": "suite",
      "secretKeys": [],
      "secretsInherit": true,
      "withKeys": [
        "creds-aws-region",
        "creds-aws-role-arn",
      ],
    },
    {
      "base": ".test.yml",
      "job": "suite",
      "secretKeys": [],
      "secretsInherit": true,
      "withKeys": [
        "creds-aws-region",
        "creds-aws-role-arn",
      ],
    },
    {
      "base": ".test.yml",
      "job": "test",
      "secretKeys": [],
      "secretsInherit": true,
      "withKeys": [
        "creds-aws-region",
        "creds-aws-role-arn",
      ],
    },
    {
      "base": ".test.yml",
      "job": "test",
      "secretKeys": [],
      "secretsInherit": true,
      "withKeys": [
        "creds-aws-region",
        "creds-aws-role-arn",
      ],
    },
    {
      "base": ".test.yml",
      "job": "test",
      "secretKeys": [],
      "secretsInherit": true,
      "withKeys": [
        "creds-aws-region",
        "creds-aws-role-arn",
      ],
    },
  ],
}
`;
